nao encontrado
encontrado 0
encontrado 2
nao encontrado
